// Jest Snapshot v1, https://goo.gl/fbAQLP

exports[`renders deeJay without crashing 1`] = `
<div>
  <div
    className="wave-table-container"
  >
    <table
      className="wave-table"
    >
      <tbody>
        <tr>
          <td
            className="wave-table-enable"
          >
            <div
              className="buttonWrapper"
            >
              <div
                className="ThreeDimButton"
                onClick={[Function]}
                onMouseDown={[Function]}
              >
                <img
                  alt=""
                  className="black"
                  height={50}
                  src="disabled50.png"
                  width={50}
                />
                <div
                  className="overlay"
                >
                  <img
                    alt=""
                    className="green"
                    height={50}
                    src="enabled50.png"
                    style={
                      Object {
                        "opacity": 0,
                      }
                    }
                    width={50}
                  />
                </div>
              </div>
            </div>
            High
          </td>
          <td
            className="wave-table-volume"
          >
            <input
              id="0"
              max={1}
              min={0}
              onChange={[Function]}
              step={0.01}
              type="range"
              value={1}
            />
          </td>
          <td
            className="waveform"
            id="waveform0"
          />
        </tr>
        <tr>
          <td
            className="wave-table-enable"
          >
            <div
              className="buttonWrapper"
            >
              <div
                className="ThreeDimButton"
                onClick={[Function]}
                onMouseDown={[Function]}
              >
                <img
                  alt=""
                  className="black"
                  height={50}
                  src="disabled50.png"
                  width={50}
                />
                <div
                  className="overlay"
                >
                  <img
                    alt=""
                    className="green"
                    height={50}
                    src="enabled50.png"
                    style={
                      Object {
                        "opacity": 0,
                      }
                    }
                    width={50}
                  />
                </div>
              </div>
            </div>
            Muted
          </td>
          <td
            className="wave-table-volume"
          >
            <input
              id="1"
              max={1}
              min={0}
              onChange={[Function]}
              step={0.01}
              type="range"
              value={0}
            />
          </td>
          <td
            className="waveform"
            id="waveform1"
          />
        </tr>
        <tr>
          <td
            className="wave-table-enable"
          >
            <div
              className="buttonWrapper"
            >
              <div
                className="ThreeDimButton"
                onClick={[Function]}
                onMouseDown={[Function]}
              >
                <img
                  alt=""
                  className="black"
                  height={50}
                  src="disabled50.png"
                  width={50}
                />
                <div
                  className="overlay"
                >
                  <img
                    alt=""
                    className="green"
                    height={50}
                    src="enabled50.png"
                    style={
                      Object {
                        "opacity": 0,
                      }
                    }
                    width={50}
                  />
                </div>
              </div>
            </div>
            Muted
          </td>
          <td
            className="wave-table-volume"
          >
            <input
              id="2"
              max={1}
              min={0}
              onChange={[Function]}
              step={0.01}
              type="range"
              value={0}
            />
          </td>
          <td
            className="waveform"
            id="waveform2"
          />
        </tr>
      </tbody>
    </table>
  </div>
</div>
`;
